[50, 0, 134, 70]
[56, -4, 274, 122]
[59, 0, 134, 97]
[148, -2, 356, 175]
