Alpha attribute error works
AlphaQ attribute error works
