4*4=16 5*4=20 6*4=:=) 
4*5=20 5*5=25 6*5=30 
4*6=:=) 5*6=30 6*6=36 
