1234*1234=1522756 1234*1235=1523990 1234*1236=1525224 
1235*1234=1523990 1235*1235=1525225 1235*1236=1526460 
1236*1234=1525224 1236*1235=1526460 1236*1236=1527696 
