это - тест с несоответствующими символами ?????? ???????
