__init__: (10,), {}
add: (9,), {}
29
__str__: (), {}
Fake str convertion
