{'ef', 'fg', 'cd', 'de', 'ab', 'hi', 'ii', 'bc', 'gh'}
