Size=49462, Type=1, Channels=1, Rate=11025, Bits=8, Data size=49343
