[1, 2, 21, 31, 37, 39, 42, 44, 46, 60, 64, 67, 67, 87, 88, 100]
