[8, 13, 17, 27, 29, 44, 46, 47, 57, 62, 65, 73, 80, 96, 99, 100]
