#####
#...#
#~~~#
#~~~#
#~~~#
#~~~#
#~~~#
#####
......               4/18
~~~~~~~~~~~~~~~~~~~~ 14/18
