###
#~#
#~#
#~#
#~#
#~#
#~#
#~#
#~#
#~#
#~#
#~#
#~#
#~#
#~#
#~#
#~#
#~#
#~#
#~#
#~#
#~#
#~#
#~#
#~#
#~#
#~#
#~#
#~#
#~#
#~#
#~#
#~#
#~#
#~#
#~#
#~#
#~#
#~#
#~#
#~#
#~#
#~#
#~#
#~#
#~#
#~#
###
                      0/46
~~~~~~~~~~~~~~~~~~~~ 46/46
