-0.1411200080598672
--<<ЖЖЖ>>--
0.9092974268256817
3:6
