abcabcabccbacba
[0, 0, 1, 0, 0, 4, 2, 4, 1, 0]
None
3
