True
False
S__O__M__E__ __T__E__X__T
None
['#####', '#####', '#####', '#####']
None
4
