It is a triangle, don't trust this program
Invalid input
Not a triangle
6.00
