[2, 3, 5, 5, 8, 8, 8, 10, 11, 12, 13, 13, 13, 13, 15, 15, 15, 17, 23, 25, 27, 29, 29, 30, 31, 36, 37, 38, 41, 41, 43, 45, 49, 50, 51, 52, 52, 52, 53, 54, 54, 56, 58, 62, 63, 65, 67, 67, 68, 74, 75, 75, 76, 79, 80, 81, 83, 86, 86, 88, 92, 92, 93, 94, 94]
