[0, 2, 3, 5, 7, 8, 11, 12, 13, 16, 17, 19, 19, 20, 24, 24, 24, 29, 29, 31, 32, 40, 43, 43, 44, 48, 49, 51, 53, 54, 56, 56, 57, 58, 60, 61, 61, 63, 63, 64, 65, 67, 72, 72, 72, 73, 75, 75, 76, 77, 78, 80, 81, 84, 84, 86, 88, 90, 91, 95, 97, 98, 98]
