[0, 0, 1, 2, 6, 7, 7, 9, 10, 11, 14, 15, 19, 23, 23, 24, 28, 34, 37, 43, 43, 44, 46, 47, 48, 53, 56, 59, 64, 65, 68, 68, 69, 69, 70, 71, 73, 73, 77, 80, 85, 87, 88, 90, 91, 92, 98, 98]
